Microchip MPLAB XC8 Compiler V1.34 ()

Linker command line:

-W-3 --edf=C:\Program Files (x86)\Microchip\xc8\v1.34\dat\en_msgs.txt -cs \
  -h+dist/default/production\3300LFinal.X.production.sym \
  --cmf=dist/default/production\3300LFinal.X.production.cmf -z -Q18F4620 \
  -oC:\Users\Michael\AppData\Local\Temp\shnk.6 \
  -Mdist/default/production/3300LFinal.X.production.map -E1 -ver=XC8 \
  -ASTACK=0140h-0f7fh -pstack=STACK -ACODE=00h-0FFFFh -ACONST=00h-0FFFFh \
  -ASMALLCONST=01000h-010FFhx240 -AMEDIUMCONST=01000h-0FFFFh \
  -ACOMRAM=01h-07Fh -AABS1=00h-0F7Fh -ABIGRAM=01h-0F7Fh \
  -ARAM=080h-0FFh,0100h-01FFhx14,0F00h-0F7Fh -ABANK0=080h-0FFh \
  -ABANK1=0100h-01FFh -ABANK2=0200h-02FFh -ABANK3=0300h-03FFh \
  -ABANK4=0400h-04FFh -ABANK5=0500h-05FFh -ABANK6=0600h-06FFh \
  -ABANK7=0700h-07FFh -ABANK8=0800h-08FFh -ABANK9=0900h-09FFh \
  -ABANK10=0A00h-0AFFh -ABANK11=0B00h-0BFFh -ABANK12=0C00h-0CFFh \
  -ABANK13=0D00h-0DFFh -ABANK14=0E00h-0EFFh -ABANK15=0F00h-0F7Fh \
  -ASFR=0F80h-0FFFh \
  -preset_vec=00h,intcode=08h,intcodelo,powerup,init,end_init \
  -pramtop=01000h -psmallconst=SMALLCONST -pmediumconst=MEDIUMCONST \
  -pconst=CONST -AFARRAM=00h-00h -ACONFIG=0300000h-030000Dh -pconfig=CONFIG \
  -AIDLOC=0200000h-0200007h -pidloc=IDLOC -AEEDATA=0F00000h-0F003FFh \
  -peeprom_data=EEDATA \
  -prdata=COMRAM,nvrram=COMRAM,nvbit=COMRAM,rbss=COMRAM,rbit=COMRAM \
  -pfarbss=FARRAM,fardata=FARRAM,nvFARRAM=FARRAM \
  -pintsave_regs=BIGRAM,bigbss=BIGRAM,bigdata=BIGRAM -pbss=RAM \
  -pidata=CODE,irdata=CODE,ibigdata=CODE,ifardata=CODE -prparam=COMRAM \
  C:\Users\Michael\AppData\Local\Temp\shnk.obj \
  dist/default/production\3300LFinal.X.production.obj 

Object code version is 3.11

Machine type is 18F4620

Call graph: (short form)




                Name                               Link     Load   Length Selector   Space Scale
C:\Users\Michael\AppData\Local\Temp\shnk.obj
                end_init                             18       18        4        4       0
                reset_vec                             0        0        4        0       0
                idloc                            200000   200000        8   200000       0
                config                           300000   300000        E   300000       0
dist/default/production\3300LFinal.X.production.obj
                intcode                               8        8       10        4       0
                mediumconst                        FC9C     FC9C      364     7E4E       0
                text124                            3CFA     3CFA        8     18EC       0
                text123                            158E     158E      172        4       0
                text122                            3CD0     3CD0        A     18EC       0
                text121                            3CF2     3CF2        8     18EC       0
                text120                            3C9C     3C9C        C     18EC       0
                intcode_body                       2BE4     2BE4       90        4       0
                text118                            3C90     3C90        C     18EC       0
                text117                            3CEA     3CEA        8     18EC       0
                text116                            3CE2     3CE2        8     18EC       0
                text115                            3CC6     3CC6        A     18EC       0
                text114                            3ADA     3ADA       16     18EC       0
                text113                            3BE6     3BE6       12     18EC       0
                text112                            3CBC     3CBC        A     18EC       0
                text111                            354A     354A       48     18EC       0
                text110                            3BD4     3BD4       12     18EC       0
                text109                            3BC2     3BC2       12     18EC       0
                text108                            3690     3690       3E     18EC       0
                text107                            3746     3746       3C     18EC       0
                text106                            3A48     3A48       1A     18EC       0
                text105                            39D0     39D0       20     18EC       0
                text104                            3A0E     3A0E       1E     18EC       0
                text103                            3CB2     3CB2        A     18EC       0
                text102                            3C82     3C82        E     18EC       0
                text101                            35D4     35D4       40     18EC       0
                text100                            3CA8     3CA8        A     18EC       0
                text99                             2F6C     2F6C       70        4       0
                text98                             3B54     3B54       14     18EC       0
                text97                             3234     3234       58     18EC       0
                text96                             299A     299A       96        4       0
                text95                             2E04     2E04       82        4       0
                text94                             38FA     38FA       28     18EC       0
                text93                             3B40     3B40       14     18EC       0
                text92                             3C48     3C48       10     18EC       0
                text91                             3C38     3C38       10     18EC       0
                text90                             33D0     33D0       4E     18EC       0
                text89                             384A     384A       30     18EC       0
                text88                             2C74     2C74       88        4       0
                text87                             3500     3500       4A     18EC       0
                text86                             1700     1700      156        4       0
                text85                             3652     3652       3E     18EC       0
                text84                             1856     1856      11A        4       0
                text83                             31D8     31D8       5C     18EC       0
                text82                             346A     346A       4C     18EC       0
                text81                             396E     396E       22     18EC       0
                text80                             3C74     3C74        E     18EC       0
                text79                              9BC      9BC      35A        4       0
                text78                             2240     2240       E0        4       0
                text77                             3382     3382       4E     18EC       0
                text76                             3BB0     3BB0       12     18EC       0
                text75                             3CDA     3CDA        8     18EC       0
                text74                             39B0     39B0       20     18EC       0
                text73                             3C66     3C66        E     18EC       0
                text72                             3B9E     3B9E       12     18EC       0
                text71                             3C58     3C58        E     18EC       0
                text70                             341E     341E       4C     18EC       0
                text69                             3110     3110       64        4       0
                text68                             30AC     30AC       64        4       0
                text67                             2D80     2D80       84        4       0
                text66                             3330     3330       52     18EC       0
                text65                             3B8C     3B8C       12     18EC       0
                text64                             1970     1970      110        4       0
                text63                             3614     3614       3E     18EC       0
                text62                             1F86     1F86       F2        4       0
                text61                             38D0     38D0       2A     18EC       0
                text60                             125C     125C      1AE        4       0
                text59                             2320     2320       DC        4       0
                text58                             3A2C     3A2C       1C     18EC       0
                text57                             37E8     37E8       32     18EC       0
                text56                              63C      63C      380        4       0
                text55                             3AC2     3AC2       18     18EC       0
                text54                             3C28     3C28       10     18EC       0
                text53                              EEE      EEE      1BA        4       0
                text52                             3AAA     3AAA       18     18EC       0
                text51                             10A8     10A8      1B4        4       0
                text50                             3A92     3A92       18     18EC       0
                text49                             34B6     34B6       4A     18EC       0
                text48                             1B8C     1B8C      10C        4       0
                text47                             38A6     38A6       2A     18EC       0
                text46                             2B54     2B54       90        4       0
                text45                             264E     264E       BE        4       0
                text44                             27C4     27C4       A2        4       0
                text43                             3B2C     3B2C       14     18EC       0
                text42                             3B18     3B18       14     18EC       0
                text41                             3C18     3C18       10     18EC       0
                text40                             3B04     3B04       14     18EC       0
                text39                             1E94     1E94       F2        4       0
                text38                             2A30     2A30       94        4       0
                text37                             140A     140A      184        4       0
                text36                             2AC4     2AC4       90        4       0
                text35                             2866     2866       9E        4       0
                text34                             3AF0     3AF0       14     18EC       0
                text33                             3C08     3C08       10     18EC       0
                text32                             3A7A     3A7A       18     18EC       0
                text31                             3A62     3A62       18     18EC       0
                text30                             2CFC     2CFC       84        4       0
                text29                             1A80     1A80      10C        4       0
                text28                             23FC     23FC       CA        4       0
                text27                             24C6     24C6       C6        4       0
                text26                             215E     215E       E2        4       0
                text25                             1D9C     1D9C       F8        4       0
                text24                             2078     2078       E6        4       0
                text23                             3948     3948       26     18EC       0
                text22                             258C     258C       C2        4       0
                text21                             3BF8     3BF8       10     18EC       0
                text20                             370A     370A       3C     18EC       0
                text19                             381A     381A       30     18EC       0
                text18                             2FDC     2FDC       6C        4       0
                text17                             3B7A     3B7A       12     18EC       0
                text16                             37B6     37B6       32     18EC       0
                text15                             3990     3990       20     18EC       0
                text14                             270C     270C       B8        4       0
                text13                             32DE     32DE       52     18EC       0
                text12                             328C     328C       52     18EC       0
                text11                             39F0     39F0       1E     18EC       0
                text10                             2904     2904       96        4       0
                text9                              2EFA     2EFA       72        4       0
                text8                              387A     387A       2C     18EC       0
                text7                              36CE     36CE       3C     18EC       0
                text6                              3922     3922       26     18EC       0
                text5                              3048     3048       64        4       0
                text4                              1C98     1C98      104        4       0
                text3                              3B68     3B68       12     18EC       0
                text2                                1C       1C      620        4       0
                text1                              3592     3592       42     18EC       0
                text0                               D16      D16      1D8        4       0
                cstackCOMRAM                          1        1       40        1       1
                cstackBANK0                          FB       FB        5       80       1
                cstackBANK1                         134      134        C      100       1
                dataBANK1                           100      100       34      100       1
                dataBANK0                            80       80       63       80       1
                bssBANK0                             E3       E3       18       80       1
                dataCOMRAM                           6F       6F        1        1       1
                bssCOMRAM                            41       41       2E        1       1
                cinit                              2E86     2E86       74        4       0
                idataBANK1                         3782     3782       34     18EC       0
                idataBANK0                         3174     3174       63        4       0
                idataCOMRAM                        3D02     3D02        1     18EC       0

TOTAL           Name                               Link     Load   Length     Space
        CLASS   STACK          

        CLASS   CODE           
                end_init                             18       18        4         0
                intcode                               8        8       10         0
                reset_vec                             0        0        4         0
                text124                            3CFA     3CFA        8         0
                text123                            158E     158E      172         0
                text122                            3CD0     3CD0        A         0
                text121                            3CF2     3CF2        8         0
                text120                            3C9C     3C9C        C         0
                intcode_body                       2BE4     2BE4       90         0
                text118                            3C90     3C90        C         0
                text117                            3CEA     3CEA        8         0
                text116                            3CE2     3CE2        8         0
                text115                            3CC6     3CC6        A         0
                text114                            3ADA     3ADA       16         0
                text113                            3BE6     3BE6       12         0
                text112                            3CBC     3CBC        A         0
                text111                            354A     354A       48         0
                text110                            3BD4     3BD4       12         0
                text109                            3BC2     3BC2       12         0
                text108                            3690     3690       3E         0
                text107                            3746     3746       3C         0
                text106                            3A48     3A48       1A         0
                text105                            39D0     39D0       20         0
                text104                            3A0E     3A0E       1E         0
                text103                            3CB2     3CB2        A         0
                text102                            3C82     3C82        E         0
                text101                            35D4     35D4       40         0
                text100                            3CA8     3CA8        A         0
                text99                             2F6C     2F6C       70         0
                text98                             3B54     3B54       14         0
                text97                             3234     3234       58         0
                text96                             299A     299A       96         0
                text95                             2E04     2E04       82         0
                text94                             38FA     38FA       28         0
                text93                             3B40     3B40       14         0
                text92                             3C48     3C48       10         0
                text91                             3C38     3C38       10         0
                text90                             33D0     33D0       4E         0
                text89                             384A     384A       30         0
                text88                             2C74     2C74       88         0
                text87                             3500     3500       4A         0
                text86                             1700     1700      156         0
                text85                             3652     3652       3E         0
                text84                             1856     1856      11A         0
                text83                             31D8     31D8       5C         0
                text82                             346A     346A       4C         0
                text81                             396E     396E       22         0
                text80                             3C74     3C74        E         0
                text79                              9BC      9BC      35A         0
                text78                             2240     2240       E0         0
                text77                             3382     3382       4E         0
                text76                             3BB0     3BB0       12         0
                text75                             3CDA     3CDA        8         0
                text74                             39B0     39B0       20         0
                text73                             3C66     3C66        E         0
                text72                             3B9E     3B9E       12         0
                text71                             3C58     3C58        E         0
                text70                             341E     341E       4C         0
                text69                             3110     3110       64         0
                text68                             30AC     30AC       64         0
                text67                             2D80     2D80       84         0
                text66                             3330     3330       52         0
                text65                             3B8C     3B8C       12         0
                text64                             1970     1970      110         0
                text63                             3614     3614       3E         0
                text62                             1F86     1F86       F2         0
                text61                             38D0     38D0       2A         0
                text60                             125C     125C      1AE         0
                text59                             2320     2320       DC         0
                text58                             3A2C     3A2C       1C         0
                text57                             37E8     37E8       32         0
                text56                              63C      63C      380         0
                text55                             3AC2     3AC2       18         0
                text54                             3C28     3C28       10         0
                text53                              EEE      EEE      1BA         0
                text52                             3AAA     3AAA       18         0
                text51                             10A8     10A8      1B4         0
                text50                             3A92     3A92       18         0
                text49                             34B6     34B6       4A         0
                text48                             1B8C     1B8C      10C         0
                text47                             38A6     38A6       2A         0
                text46                             2B54     2B54       90         0
                text45                             264E     264E       BE         0
                text44                             27C4     27C4       A2         0
                text43                             3B2C     3B2C       14         0
                text42                             3B18     3B18       14         0
                text41                             3C18     3C18       10         0
                text40                             3B04     3B04       14         0
                text39                             1E94     1E94       F2         0
                text38                             2A30     2A30       94         0
                text37                             140A     140A      184         0
                text36                             2AC4     2AC4       90         0
                text35                             2866     2866       9E         0
                text34                             3AF0     3AF0       14         0
                text33                             3C08     3C08       10         0
                text32                             3A7A     3A7A       18         0
                text31                             3A62     3A62       18         0
                text30                             2CFC     2CFC       84         0
                text29                             1A80     1A80      10C         0
                text28                             23FC     23FC       CA         0
                text27                             24C6     24C6       C6         0
                text26                             215E     215E       E2         0
                text25                             1D9C     1D9C       F8         0
                text24                             2078     2078       E6         0
                text23                             3948     3948       26         0
                text22                             258C     258C       C2         0
                text21                             3BF8     3BF8       10         0
                text20                             370A     370A       3C         0
                text19                             381A     381A       30         0
                text18                             2FDC     2FDC       6C         0
                text17                             3B7A     3B7A       12         0
                text16                             37B6     37B6       32         0
                text15                             3990     3990       20         0
                text14                             270C     270C       B8         0
                text13                             32DE     32DE       52         0
                text12                             328C     328C       52         0
                text11                             39F0     39F0       1E         0
                text10                             2904     2904       96         0
                text9                              2EFA     2EFA       72         0
                text8                              387A     387A       2C         0
                text7                              36CE     36CE       3C         0
                text6                              3922     3922       26         0
                text5                              3048     3048       64         0
                text4                              1C98     1C98      104         0
                text3                              3B68     3B68       12         0
                text2                                1C       1C      620         0
                text1                              3592     3592       42         0
                text0                               D16      D16      1D8         0
                cinit                              2E86     2E86       74         0
                idataBANK1                         3782     3782       34         0
                idataBANK0                         3174     3174       63         0
                idataCOMRAM                        3D02     3D02        1         0

        CLASS   CONST          

        CLASS   SMALLCONST     

        CLASS   MEDIUMCONST    
                mediumconst                        FC9C     FC9C      364         0

        CLASS   COMRAM         
                cstackCOMRAM                          1        1       40         1
                dataCOMRAM                           6F       6F        1         1
                bssCOMRAM                            41       41       2E         1

        CLASS   ABS1           

        CLASS   BIGRAM         

        CLASS   RAM            

        CLASS   BANK0          
                cstackBANK0                          FB       FB        5         1
                dataBANK0                            80       80       63         1
                bssBANK0                             E3       E3       18         1

        CLASS   BANK1          
                cstackBANK1                         134      134        C         1
                dataBANK1                           100      100       34         1

        CLASS   BANK2          

        CLASS   BANK3          

        CLASS   BANK4          

        CLASS   BANK5          

        CLASS   BANK6          

        CLASS   BANK7          

        CLASS   BANK8          

        CLASS   BANK9          

        CLASS   BANK10         

        CLASS   BANK11         

        CLASS   BANK12         

        CLASS   BANK13         

        CLASS   BANK14         

        CLASS   BANK15         

        CLASS   SFR            

        CLASS   FARRAM         

        CLASS   CONFIG         
                config                           300000   300000        E         0

        CLASS   IDLOC          
                idloc                            200000   200000        8         0

        CLASS   EEDATA         



SEGMENTS        Name                           Load    Length   Top    Selector   Space  Class

                reset_vec                      000000  000004  000004         0       0  CODE    
                cstackCOMRAM                   000001  00006F  000070         1       1  COMRAM  
                intcode                        000008  0031CF  0031D7         4       0  CODE    
                dataBANK0                      000080  000080  000100        80       1  BANK0   
                dataBANK1                      000100  000040  000140       100       1  BANK1   
                text83                         0031D8  000B2B  003D03      18EC       0  CODE    
                mediumconst                    00FC9C  000364  010000      7E4E       0  MEDIUMCO
                idloc                          200000  000008  200008    200000       0  IDLOC   
                config                         300000  00000E  30000E    300000       0  CONFIG  


UNUSED ADDRESS RANGES

        Name                Unused          Largest block    Delta
        BANK1            000140-0001FF               C0
        BANK10           000A00-000AFF              100
        BANK11           000B00-000BFF              100
        BANK12           000C00-000CFF              100
        BANK13           000D00-000DFF              100
        BANK14           000E00-000EFF              100
        BANK15           000F00-000F7F               80
        BANK2            000200-0002FF              100
        BANK3            000300-0003FF              100
        BANK4            000400-0004FF              100
        BANK5            000500-0005FF              100
        BANK6            000600-0006FF              100
        BANK7            000700-0007FF              100
        BANK8            000800-0008FF              100
        BANK9            000900-0009FF              100
        BIGRAM           000070-00007F               10
                         000140-000F7F              E40
        CODE             000004-000007                4
                         0031D7-0031D7                1
                         003D03-00FC9B             BF99
        COMRAM           000070-00007F               10
        CONST            000004-000007                4
                         0031D7-0031D7                1
                         003D03-00FC9B             BF99
        EEDATA           F00000-F003FF              400
        MEDIUMCONST      0031D7-0031D7                1
                         003D03-00FC9B             BF99
        RAM              000140-000F7F              100
        SFR              000F80-000FFF               80
        SMALLCONST       0031D7-0031D7                1
                         003D03-00FC9B              100
        STACK            000140-000F7F              E40

                                  Symbol Table

?_DS1621_Read_Temp                            cstackCOMRAM 000014
?___awdiv                                     cstackCOMRAM 000017
?___awmod                                     cstackCOMRAM 00003B
?___awtoft                                    cstackCOMRAM 000019
?___ftdiv                                     cstackCOMRAM 00002C
?___ftmul                                     cstackCOMRAM 00001D
?___ftpack                                    cstackCOMRAM 000011
?___fttol                                     cstackCOMRAM 00002C
?___lbtoft                                    cstackCOMRAM 000019
?___lwdiv                                     cstackCOMRAM 000011
?___lwmod                                     cstackCOMRAM 000018
?___wmul                                      cstackCOMRAM 000011
?_dec_2_bcd                                   cstackBANK0  0000FB
?_get_RPM                                     cstackCOMRAM 00001F
?_get_duty_cycle                              cstackCOMRAM 000011
?_get_full_ADC                                cstackCOMRAM 000011
?_printf                                      cstackCOMRAM 00001D
?_read_volt                                   cstackCOMRAM 00003B
?_strlen                                      cstackCOMRAM 000011
DS1621_Init@Device                            cstackCOMRAM 000016
DS1621_Read_Temp@Cmd                          cstackCOMRAM 000016
DS1621_Read_Temp@Data_Ret                     cstackCOMRAM 000017
DS1621_Read_Temp@Device                       cstackCOMRAM 000018
DS3231_Init@Address_7                         cstackCOMRAM 000017
DS3231_Init@Address_E                         cstackCOMRAM 000018
DS3231_Init@Device                            cstackCOMRAM 00001A
DS3231_Init@control_E                         cstackCOMRAM 000019
DS3231_Read_Alarm_Time@Address                cstackCOMRAM 000014
DS3231_Read_Alarm_Time@Device                 cstackCOMRAM 000015
DS3231_Read_Time@Address                      cstackCOMRAM 000014
DS3231_Read_Time@Device                       cstackCOMRAM 000015
DS3231_Turn_Off_Alarm@Address_E               cstackCOMRAM 00001B
DS3231_Turn_Off_Alarm@Address_F               cstackCOMRAM 00001C
DS3231_Turn_Off_Alarm@Device                  cstackCOMRAM 00001F
DS3231_Turn_Off_Alarm@control_E               cstackCOMRAM 00001D
DS3231_Turn_Off_Alarm@control_F               cstackCOMRAM 00001E
DS3231_Turn_On_Alarm@Address_E                cstackCOMRAM 00001B
DS3231_Turn_On_Alarm@Address_F                cstackCOMRAM 00001C
DS3231_Turn_On_Alarm@Device                   cstackCOMRAM 00001F
DS3231_Turn_On_Alarm@control_E                cstackCOMRAM 00001D
DS3231_Turn_On_Alarm@control_F                cstackCOMRAM 00001E
DS3231_Write_Alarm_Time@Address               cstackBANK1  000138
DS3231_Write_Alarm_Time@Device                cstackBANK1  000137
DS3231_Write_Time@Address                     cstackBANK1  000138
DS3231_Write_Time@Device                      cstackBANK1  000137
I2C_Init@c                                    cstackCOMRAM 000011
I2C_Read@ack                                  cstackCOMRAM 000011
I2C_Read@inByte                               cstackCOMRAM 000013
I2C_Read@n                                    cstackCOMRAM 000012
I2C_Write@n                                   cstackCOMRAM 000012
I2C_Write@outByte                             cstackCOMRAM 000011
I2C_Write_Address_Read_One_Byte@Address       cstackCOMRAM 000014
I2C_Write_Address_Read_One_Byte@Data_Ret      cstackCOMRAM 000015
I2C_Write_Address_Read_One_Byte@Device        cstackCOMRAM 000016
I2C_Write_Address_Write_One_Byte@Address      cstackCOMRAM 000013
I2C_Write_Address_Write_One_Byte@Data_Out     cstackCOMRAM 000014
I2C_Write_Address_Write_One_Byte@Device       cstackCOMRAM 000015
I2C_Write_Cmd_Only@Cmd                        cstackCOMRAM 000013
I2C_Write_Cmd_Only@Device                     cstackCOMRAM 000014
I2C_Write_Cmd_Write_Data@Cmd                  cstackCOMRAM 000013
I2C_Write_Cmd_Write_Data@Data_Out             cstackCOMRAM 000014
I2C_Write_Cmd_Write_Data@Device               cstackCOMRAM 000015
OpenUSART@config                              cstackCOMRAM 000013
OpenUSART@spbrg                               cstackCOMRAM 000011
Set_Alarm_RGB_Color@color                     cstackCOMRAM 000011
Set_RPM_RGB@rpm                               cstackCOMRAM 000011
Test_Alarm@i                                  cstackCOMRAM 00003E
Update_Screen@neg_DS1621_tempC                cstackBANK1  00013D
Update_Screen@neg_tempF                       cstackBANK1  00013B
Update_Setup_Heater_Screen@dc_char1           cstackBANK0  0000FD
Update_Setup_Heater_Screen@dc_char2           cstackBANK0  0000FE
Update_Setup_Heater_Screen@dc_char3           cstackBANK0  0000FF
Update_Setup_Screen_Cursor_Backward@field     cstackCOMRAM 00002E
Update_Setup_Screen_Cursor_Backward@xinc      cstackCOMRAM 000030
Update_Setup_Screen_Cursor_Backward@yinc      cstackCOMRAM 00002F
Update_Setup_Screen_Cursor_Forward@field      cstackCOMRAM 00002E
Update_Setup_Screen_Cursor_Forward@xinc       cstackCOMRAM 000030
Update_Setup_Screen_Cursor_Forward@yinc       cstackCOMRAM 00002F
Wait_Half_Sec@k                               cstackCOMRAM 000011
Wait_One_Sec@k                                cstackCOMRAM 000011
_ADCON0                                       (abs)        000FC2
_ADCON0bits                                   (abs)        000FC2
_ADCON1                                       (abs)        000FC1
_ADCON2                                       (abs)        000FC0
_ADRESH                                       (abs)        000FC4
_ADRESL                                       (abs)        000FC3
_ALARMEN                                      bssCOMRAM    000041
_Activate_Buzzer                              text17       003B7A
_Activate_Buzzer_2KHz                         text72       003B9E
_Activate_Buzzer_500Hz                        text76       003BB0
_Alarm_SW_Txt                                 dataBANK0    0000CD
_CCP1CON                                      (abs)        000FBD
_CCP2CON                                      (abs)        000FBA
_CCPR1L                                       (abs)        000FBE
_CCPR2L                                       (abs)        000FBB
_DC_Txt                                       dataBANK0    0000D1
_DS1621_Init                                  text104      003A0E
_DS1621_Read_Temp                             text107      003746
_DS1621_tempC                                 bssCOMRAM    000043
_DS1621_tempF                                 bssCOMRAM    000045
_DS3231_Init                                  text14       00270C
_DS3231_Read_Alarm_Time                       text70       00341E
_DS3231_Read_Time                             text69       003110
_DS3231_Turn_Off_Alarm                        text13       0032DE
_DS3231_Turn_On_Alarm                         text12       00328C
_DS3231_Write_Alarm_Time                      text67       002D80
_DS3231_Write_Time                            text35       002866
_Deactivate_Buzzer                            text75       003CDA
_Decrease_Alarm_Time                          text77       003382
_Decrease_Heater_Temp                         text43       003B2C
_Decrease_Time                                text36       002AC4
_Do_Beep_Bad                                  text73       003C66
_Do_Beep_Good                                 text71       003C58
_Do_Init                                      text97       003234
_Do_Save_New_Alarm_Time                       text55       003AC2
_Do_Save_New_Heater_Temp                      text42       003B18
_Do_Save_New_Time                             text34       003AF0
_Do_Setup_Alarm_Time                          text45       00264E
_Do_Setup_Heater_Temp                         text38       002A30
_Do_Setup_Time                                text28       0023FC
_Exit_Setup_Alarm_Time                        text54       003C28
_Exit_Setup_Heater_Temp                       text41       003C18
_Exit_Time_Setup                              text33       003C08
_FAN                                          bssCOMRAM    00004D
_Go_Next_Alarm_Field                          text52       003AAA
_Go_Next_Field                                text32       003A7A
_Go_Prev_Alarm_Field                          text50       003A92
_Go_Prev_Field                                text31       003A62
_HEATER                                       bssCOMRAM    00004E
_Heater_SW_Txt                                dataBANK0    0000D5
_Heater_Set_Temp_Txt                          dataBANK0    0000BE
_I2C_Init                                     text103      003CB2
_I2C_ReStart                                  text114      003ADA
_I2C_Read                                     text111      00354A
_I2C_Start                                    text110      003BD4
_I2C_Stop                                     text109      003BC2
_I2C_Write                                    text108      003690
_I2C_Write_Address_Read_One_Byte              text16       0037B6
_I2C_Write_Address_Write_One_Byte             text15       003990
_I2C_Write_Cmd_Only                           text106      003A48
_I2C_Write_Cmd_Write_Data                     text105      0039D0
_INT0_isr                                     text123      00158E
_INT1_flag                                    bssBANK0     0000F6
_INT1_isr                                     text122      003CD0
_INT2_flag                                    bssCOMRAM    00004F
_INT2_isr                                     text121      003CF2
_INTCON2bits                                  (abs)        000FF1
_INTCON3bits                                  (abs)        000FF0
_INTCONbits                                   (abs)        000FF2
_In_Alarm_Time_Setup                          bssBANK0     0000F7
_In_Heater_Temp_Setup                         bssBANK0     0000F8
_In_Time_Setup                                bssBANK0     0000F9
_Increase_Alarm_Time                          text49       0034B6
_Increase_Heater_Temp                         text40       003B04
_Increase_Time                                text30       002CFC
_Init_ADC                                     text102      003C82
_Init_Interrupt                               text101      0035D4
_Initialize_Screen                            text56       00063C
_Initialize_Setup_Alarm_Time_Screen           text48       001B8C
_Initialize_Setup_Heater_Screen               text39       001E94
_Initialize_Setup_Time_Screen                 text29       001A80
_LCD_Reset                                    text65       003B8C
_MATCHED                                      bssBANK0     0000EA
_Monitor_Heater                               text19       00381A
_Nec_code                                     bssBANK0     0000E3
_Nec_code1                                    bssCOMRAM    000050
_Nec_state                                    bssCOMRAM    000051
_OSCCON                                       (abs)        000FD3
_OpenUSART                                    text99       002F6C
_PIE1bits                                     (abs)        000F9D
_PIR1bits                                     (abs)        000F9E
_PORTAbits                                    (abs)        000F80
_PORTBbits                                    (abs)        000F81
_PORTDbits                                    (abs)        000F83
_PORTE                                        (abs)        000F84
_PORTEbits                                    (abs)        000F84
_PR2                                          (abs)        000FCB
_RBPU                                         (abs)        007F8F
_RCSTA                                        (abs)        000FAB
_RCSTAbits                                    (abs)        000FAB
_RPM_Txt                                      dataBANK0    0000C3
_RTC_ALARM_Txt                                dataBANK0    0000E1
_Rcmd1                                        text64       001970
_Rcmd2red                                     text63       003614
_Rcmd3                                        text62       001F86
_SPBRG                                        (abs)        000FAF
_SPBRGH                                       (abs)        000FB0
_SSPBUF                                       (abs)        000FC9
_SSPCON1                                      (abs)        000FC6
_SSPSTAT                                      (abs)        000FC7
_SSPSTATbits                                  (abs)        000FC7
_Select_Alarm_Field                           bssCOMRAM    000052
_Select_Field                                 bssCOMRAM    000053
_Select_Heater_Temp_Field                     bssBANK0     0000FA
_Set_Alarm_RGB_Color                          text9        002EFA
_Set_RPM_RGB                                  text18       002FDC
_T0CON                                        (abs)        000FD5
_T0CONbits                                    (abs)        000FD5
_T1CON                                        (abs)        000FCD
_T1CONbits                                    (abs)        000FCD
_T2CON                                        (abs)        000FCA
_T3CON                                        (abs)        000FB1
_TFT_GreenTab_Initialize                      text61       0038D0
_TIMER1_isr                                   text120      003C9C
_TMR0H                                        (abs)        000FD7
_TMR0L                                        (abs)        000FD6
_TMR1H                                        (abs)        000FCF
_TMR1L                                        (abs)        000FCE
_TMR3L                                        (abs)        000FB2
_TRISA                                        (abs)        000F92
_TRISB                                        (abs)        000F93
_TRISC                                        (abs)        000F94
_TRISCbits                                    (abs)        000F94
_TRISD                                        (abs)        000F95
_TRISDbits                                    (abs)        000F95
_TRISE                                        (abs)        000F96
_TRMT                                         (abs)        007D61
_TXREG                                        (abs)        000FAD
_TXSTA                                        (abs)        000FAC
_TXSTAbits                                    (abs)        000FAC
_Test_Alarm                                   text4        001C98
_Time_Elapsed                                 bssCOMRAM    000047
_Toggle_Heater                                text3        003B68
_Turn_Off_Fan                                 text100      003CA8
_Turn_On_Fan                                  text21       003BF8
_Update_Screen                                text2        00001C
_Update_Setup_Alarm_Time_Screen               text78       002240
_Update_Setup_Heater_Screen                   text44       0027C4
_Update_Setup_Screen_Cursor_Backward          text51       0010A8
_Update_Setup_Screen_Cursor_Forward           text53       000EEE
_Update_Setup_Time_Screen                     text37       00140A
_Volt_Txt                                     dataBANK0    0000B8
_Wait_Half_Sec                                text11       0039F0
_Wait_One_Sec                                 text74       0039B0
__CFG_BOREN$OFF                               (abs)        000000
__CFG_CCP2MX$PORTBE                           (abs)        000000
__CFG_LVP$OFF                                 (abs)        000000
__CFG_OSC$INTIO67                             (abs)        000000
__CFG_WDT$OFF                                 (abs)        000000
__HRAM                                        (abs)        000000
__Habs1                                       abs1         000000
__Hbank0                                      bank0        000000
__Hbank1                                      bank1        000000
__Hbank10                                     bank10       000000
__Hbank11                                     bank11       000000
__Hbank12                                     bank12       000000
__Hbank13                                     bank13       000000
__Hbank14                                     bank14       000000
__Hbank15                                     bank15       000000
__Hbank2                                      bank2        000000
__Hbank3                                      bank3        000000
__Hbank4                                      bank4        000000
__Hbank5                                      bank5        000000
__Hbank6                                      bank6        000000
__Hbank7                                      bank7        000000
__Hbank8                                      bank8        000000
__Hbank9                                      bank9        000000
__Hbigbss                                     bigbss       000000
__Hbigdata                                    bigdata      000000
__Hbigram                                     bigram       000000
__Hbss                                        bss          000000
__HbssBANK0                                   bssBANK0     000000
__HbssCOMRAM                                  bssCOMRAM    000000
__Hcinit                                      cinit        000000
__Hclrtext                                    clrtext      000000
__Hcomram                                     comram       000000
__Hconfig                                     config       30000E
__Hconst                                      const        000000
__HcstackBANK0                                cstackBANK0  000000
__HcstackBANK1                                cstackBANK1  000000
__HcstackCOMRAM                               cstackCOMRAM 000000
__Hdata                                       data         000000
__HdataBANK0                                  dataBANK0    000000
__HdataBANK1                                  dataBANK1    000000
__HdataCOMRAM                                 dataCOMRAM   000000
__Heeprom_data                                eeprom_data  000000
__Hend_init                                   end_init     00001C
__Hfarbss                                     farbss       000000
__Hfardata                                    fardata      000000
__Hibigdata                                   ibigdata     000000
__Hidata                                      idata        000000
__HidataBANK0                                 idataBANK0   000000
__HidataBANK1                                 idataBANK1   000000
__HidataCOMRAM                                idataCOMRAM  000000
__Hidloc                                      idloc        200008
__Hifardata                                   ifardata     000000
__Hinit                                       init         000018
__Hintcode                                    intcode      000018
__Hintcode_body                               intcode_body 000000
__Hintcodelo                                  intcodelo    000018
__Hintentry                                   intentry     000000
__Hintret                                     intret       000000
__Hintsave_regs                               intsave_regs 000000
__Hirdata                                     irdata       000000
__Hmediumconst                                mediumconst  010000
__HnvFARRAM                                   nvFARRAM     000000
__Hnvbit                                      nvbit        000000
__Hnvrram                                     nvrram       000000
__Hparam                                      rparam       000000
__Hpowerup                                    powerup      000018
__Hram                                        ram          000000
__Hramtop                                     ramtop       001000
__Hrbit                                       rbit         000000
__Hrbss                                       rbss         000000
__Hrdata                                      rdata        000000
__Hreset_vec                                  reset_vec    000004
__Hrparam                                     rparam       000000
__Hsfr                                        sfr          000000
__Hsmallconst                                 smallconst   000000
__Hspace_0                                    (abs)        30000E
__Hspace_1                                    (abs)        000140
__Hspace_2                                    (abs)        000000
__Hstack                                      stack        000000
__Hstruct                                     struct       000000
__Htemp                                       temp         000000
__Htext                                       text         000000
__Htext0                                      text0        000000
__Htext1                                      text1        000000
__Htext10                                     text10       000000
__Htext100                                    text100      000000
__Htext101                                    text101      000000
__Htext102                                    text102      000000
__Htext103                                    text103      000000
__Htext104                                    text104      000000
__Htext105                                    text105      000000
__Htext106                                    text106      000000
__Htext107                                    text107      000000
__Htext108                                    text108      000000
__Htext109                                    text109      000000
__Htext11                                     text11       000000
__Htext110                                    text110      000000
__Htext111                                    text111      000000
__Htext112                                    text112      000000
__Htext113                                    text113      000000
__Htext114                                    text114      000000
__Htext115                                    text115      000000
__Htext116                                    text116      000000
__Htext117                                    text117      000000
__Htext118                                    text118      000000
__Htext12                                     text12       000000
__Htext120                                    text120      000000
__Htext121                                    text121      000000
__Htext122                                    text122      000000
__Htext123                                    text123      000000
__Htext124                                    text124      000000
__Htext13                                     text13       000000
__Htext14                                     text14       000000
__Htext15                                     text15       000000
__Htext16                                     text16       000000
__Htext17                                     text17       000000
__Htext18                                     text18       000000
__Htext19                                     text19       000000
__Htext2                                      text2        000000
__Htext20                                     text20       000000
__Htext21                                     text21       000000
__Htext22                                     text22       000000
__Htext23                                     text23       000000
__Htext24                                     text24       000000
__Htext25                                     text25       000000
__Htext26                                     text26       000000
__Htext27                                     text27       000000
__Htext28                                     text28       000000
__Htext29                                     text29       000000
__Htext3                                      text3        000000
__Htext30                                     text30       000000
__Htext31                                     text31       000000
__Htext32                                     text32       000000
__Htext33                                     text33       000000
__Htext34                                     text34       000000
__Htext35                                     text35       000000
__Htext36                                     text36       000000
__Htext37                                     text37       000000
__Htext38                                     text38       000000
__Htext39                                     text39       000000
__Htext4                                      text4        000000
__Htext40                                     text40       000000
__Htext41                                     text41       000000
__Htext42                                     text42       000000
__Htext43                                     text43       000000
__Htext44                                     text44       000000
__Htext45                                     text45       000000
__Htext46                                     text46       000000
__Htext47                                     text47       000000
__Htext48                                     text48       000000
__Htext49                                     text49       000000
__Htext5                                      text5        000000
__Htext50                                     text50       000000
__Htext51                                     text51       000000
__Htext52                                     text52       000000
__Htext53                                     text53       000000
__Htext54                                     text54       000000
__Htext55                                     text55       000000
__Htext56                                     text56       000000
__Htext57                                     text57       000000
__Htext58                                     text58       000000
__Htext59                                     text59       000000
__Htext6                                      text6        000000
__Htext60                                     text60       000000
__Htext61                                     text61       000000
__Htext62                                     text62       000000
__Htext63                                     text63       000000
__Htext64                                     text64       000000
__Htext65                                     text65       000000
__Htext66                                     text66       000000
__Htext67                                     text67       000000
__Htext68                                     text68       000000
__Htext69                                     text69       000000
__Htext7                                      text7        000000
__Htext70                                     text70       000000
__Htext71                                     text71       000000
__Htext72                                     text72       000000
__Htext73                                     text73       000000
__Htext74                                     text74       000000
__Htext75                                     text75       000000
__Htext76                                     text76       000000
__Htext77                                     text77       000000
__Htext78                                     text78       000000
__Htext79                                     text79       000000
__Htext8                                      text8        000000
__Htext80                                     text80       000000
__Htext81                                     text81       000000
__Htext82                                     text82       000000
__Htext83                                     text83       000000
__Htext84                                     text84       000000
__Htext85                                     text85       000000
__Htext86                                     text86       000000
__Htext87                                     text87       000000
__Htext88                                     text88       000000
__Htext89                                     text89       000000
__Htext9                                      text9        000000
__Htext90                                     text90       000000
__Htext91                                     text91       000000
__Htext92                                     text92       000000
__Htext93                                     text93       000000
__Htext94                                     text94       000000
__Htext95                                     text95       000000
__Htext96                                     text96       000000
__Htext97                                     text97       000000
__Htext98                                     text98       000000
__Htext99                                     text99       000000
__LRAM                                        (abs)        000001
__Labs1                                       abs1         000000
__Lbank0                                      bank0        000000
__Lbank1                                      bank1        000000
__Lbank10                                     bank10       000000
__Lbank11                                     bank11       000000
__Lbank12                                     bank12       000000
__Lbank13                                     bank13       000000
__Lbank14                                     bank14       000000
__Lbank15                                     bank15       000000
__Lbank2                                      bank2        000000
__Lbank3                                      bank3        000000
__Lbank4                                      bank4        000000
__Lbank5                                      bank5        000000
__Lbank6                                      bank6        000000
__Lbank7                                      bank7        000000
__Lbank8                                      bank8        000000
__Lbank9                                      bank9        000000
__Lbigbss                                     bigbss       000000
__Lbigdata                                    bigdata      000000
__Lbigram                                     bigram       000000
__Lbss                                        bss          000000
__LbssBANK0                                   bssBANK0     000000
__LbssCOMRAM                                  bssCOMRAM    000000
__Lcinit                                      cinit        000000
__Lclrtext                                    clrtext      000000
__Lcomram                                     comram       000000
__Lconfig                                     config       300000
__Lconst                                      const        000000
__LcstackBANK0                                cstackBANK0  000000
__LcstackBANK1                                cstackBANK1  000000
__LcstackCOMRAM                               cstackCOMRAM 000000
__Ldata                                       data         000000
__LdataBANK0                                  dataBANK0    000000
__LdataBANK1                                  dataBANK1    000000
__LdataCOMRAM                                 dataCOMRAM   000000
__Leeprom_data                                eeprom_data  000000
__Lend_init                                   end_init     000018
__Lfarbss                                     farbss       000000
__Lfardata                                    fardata      000000
__Libigdata                                   ibigdata     000000
__Lidata                                      idata        000000
__LidataBANK0                                 idataBANK0   000000
__LidataBANK1                                 idataBANK1   000000
__LidataCOMRAM                                idataCOMRAM  000000
__Lidloc                                      idloc        200000
__Lifardata                                   ifardata     000000
__Linit                                       init         000018
__Lintcode                                    intcode      000008
__Lintcode_body                               intcode_body 000000
__Lintcodelo                                  intcodelo    000018
__Lintentry                                   intentry     000000
__Lintret                                     intret       000000
__Lintsave_regs                               intsave_regs 000000
__Lirdata                                     irdata       000000
__Lmediumconst                                mediumconst  00FC9C
__LnvFARRAM                                   nvFARRAM     000000
__Lnvbit                                      nvbit        000000
__Lnvrram                                     nvrram       000000
__Lparam                                      rparam       000000
__Lpowerup                                    powerup      000018
__Lram                                        ram          000000
__Lramtop                                     ramtop       001000
__Lrbit                                       rbit         000000
__Lrbss                                       rbss         000000
__Lrdata                                      rdata        000000
__Lreset_vec                                  reset_vec    000000
__Lrparam                                     rparam       000000
__Lsfr                                        sfr          000000
__Lsmallconst                                 smallconst   000000
__Lspace_0                                    (abs)        000000
__Lspace_1                                    (abs)        000000
__Lspace_2                                    (abs)        000000
__Lstack                                      stack        000000
__Lstruct                                     struct       000000
__Ltemp                                       temp         000000
__Ltext                                       text         000000
__Ltext0                                      text0        000000
__Ltext1                                      text1        000000
__Ltext10                                     text10       000000
__Ltext100                                    text100      000000
__Ltext101                                    text101      000000
__Ltext102                                    text102      000000
__Ltext103                                    text103      000000
__Ltext104                                    text104      000000
__Ltext105                                    text105      000000
__Ltext106                                    text106      000000
__Ltext107                                    text107      000000
__Ltext108                                    text108      000000
__Ltext109                                    text109      000000
__Ltext11                                     text11       000000
__Ltext110                                    text110      000000
__Ltext111                                    text111      000000
__Ltext112                                    text112      000000
__Ltext113                                    text113      000000
__Ltext114                                    text114      000000
__Ltext115                                    text115      000000
__Ltext116                                    text116      000000
__Ltext117                                    text117      000000
__Ltext118                                    text118      000000
__Ltext12                                     text12       000000
__Ltext120                                    text120      000000
__Ltext121                                    text121      000000
__Ltext122                                    text122      000000
__Ltext123                                    text123      000000
__Ltext124                                    text124      000000
__Ltext13                                     text13       000000
__Ltext14                                     text14       000000
__Ltext15                                     text15       000000
__Ltext16                                     text16       000000
__Ltext17                                     text17       000000
__Ltext18                                     text18       000000
__Ltext19                                     text19       000000
__Ltext2                                      text2        000000
__Ltext20                                     text20       000000
__Ltext21                                     text21       000000
__Ltext22                                     text22       000000
__Ltext23                                     text23       000000
__Ltext24                                     text24       000000
__Ltext25                                     text25       000000
__Ltext26                                     text26       000000
__Ltext27                                     text27       000000
__Ltext28                                     text28       000000
__Ltext29                                     text29       000000
__Ltext3                                      text3        000000
__Ltext30                                     text30       000000
__Ltext31                                     text31       000000
__Ltext32                                     text32       000000
__Ltext33                                     text33       000000
__Ltext34                                     text34       000000
__Ltext35                                     text35       000000
__Ltext36                                     text36       000000
__Ltext37                                     text37       000000
__Ltext38                                     text38       000000
__Ltext39                                     text39       000000
__Ltext4                                      text4        000000
__Ltext40                                     text40       000000
__Ltext41                                     text41       000000
__Ltext42                                     text42       000000
__Ltext43                                     text43       000000
__Ltext44                                     text44       000000
__Ltext45                                     text45       000000
__Ltext46                                     text46       000000
__Ltext47                                     text47       000000
__Ltext48                                     text48       000000
__Ltext49                                     text49       000000
__Ltext5                                      text5        000000
__Ltext50                                     text50       000000
__Ltext51                                     text51       000000
__Ltext52                                     text52       000000
__Ltext53                                     text53       000000
__Ltext54                                     text54       000000
__Ltext55                                     text55       000000
__Ltext56                                     text56       000000
__Ltext57                                     text57       000000
__Ltext58                                     text58       000000
__Ltext59                                     text59       000000
__Ltext6                                      text6        000000
__Ltext60                                     text60       000000
__Ltext61                                     text61       000000
__Ltext62                                     text62       000000
__Ltext63                                     text63       000000
__Ltext64                                     text64       000000
__Ltext65                                     text65       000000
__Ltext66                                     text66       000000
__Ltext67                                     text67       000000
__Ltext68                                     text68       000000
__Ltext69                                     text69       000000
__Ltext7                                      text7        000000
__Ltext70                                     text70       000000
__Ltext71                                     text71       000000
__Ltext72                                     text72       000000
__Ltext73                                     text73       000000
__Ltext74                                     text74       000000
__Ltext75                                     text75       000000
__Ltext76                                     text76       000000
__Ltext77                                     text77       000000
__Ltext78                                     text78       000000
__Ltext79                                     text79       000000
__Ltext8                                      text8        000000
__Ltext80                                     text80       000000
__Ltext81                                     text81       000000
__Ltext82                                     text82       000000
__Ltext83                                     text83       000000
__Ltext84                                     text84       000000
__Ltext85                                     text85       000000
__Ltext86                                     text86       000000
__Ltext87                                     text87       000000
__Ltext88                                     text88       000000
__Ltext89                                     text89       000000
__Ltext9                                      text9        000000
__Ltext90                                     text90       000000
__Ltext91                                     text91       000000
__Ltext92                                     text92       000000
__Ltext93                                     text93       000000
__Ltext94                                     text94       000000
__Ltext95                                     text95       000000
__Ltext96                                     text96       000000
__Ltext97                                     text97       000000
__Ltext98                                     text98       000000
__Ltext99                                     text99       000000
__S0                                          (abs)        30000E
__S1                                          (abs)        000140
__S2                                          (abs)        000000
___awdiv                                      text96       00299A
___awdiv@counter                              cstackCOMRAM 00001B
___awdiv@dividend                             cstackCOMRAM 000017
___awdiv@divisor                              cstackCOMRAM 000019
___awdiv@quotient                             cstackCOMRAM 00001D
___awdiv@sign                                 cstackCOMRAM 00001C
___awmod                                      text95       002E04
___awmod@counter                              cstackCOMRAM 00003F
___awmod@dividend                             cstackCOMRAM 00003B
___awmod@divisor                              cstackCOMRAM 00003D
___awmod@sign                                 cstackCOMRAM 000040
___awtoft                                     text7        0036CE
___awtoft@c                                   cstackCOMRAM 000019
___awtoft@sign                                cstackCOMRAM 00001C
___ftdiv                                      text26       00215E
___ftdiv@cntr                                 cstackCOMRAM 000035
___ftdiv@exp                                  cstackCOMRAM 000039
___ftdiv@f1                                   cstackCOMRAM 00002C
___ftdiv@f2                                   cstackCOMRAM 00002F
___ftdiv@f3                                   cstackCOMRAM 000036
___ftdiv@sign                                 cstackCOMRAM 00003A
___ftge                                       text10       002904
___ftge@ff1                                   cstackCOMRAM 000011
___ftge@ff2                                   cstackCOMRAM 000014
___ftmul                                      text25       001D9C
___ftmul@cntr                                 cstackCOMRAM 00002A
___ftmul@exp                                  cstackCOMRAM 000026
___ftmul@f1                                   cstackCOMRAM 00001D
___ftmul@f2                                   cstackCOMRAM 000020
___ftmul@f3_as_product                        cstackCOMRAM 000027
___ftmul@sign                                 cstackCOMRAM 00002B
___ftpack                                     text27       0024C6
___ftpack@arg                                 cstackCOMRAM 000011
___ftpack@exp                                 cstackCOMRAM 000014
___ftpack@sign                                cstackCOMRAM 000015
___fttol                                      text24       002078
___fttol@exp1                                 cstackCOMRAM 00003A
___fttol@f1                                   cstackCOMRAM 00002C
___fttol@lval                                 cstackCOMRAM 000036
___fttol@sign1                                cstackCOMRAM 000035
___inthi_sp                                   stack        000000
___intlo_sp                                   stack        000000
___lbtoft                                     text23       003948
___lbtoft@c                                   cstackCOMRAM 00001C
___lwdiv                                      text83       0031D8
___lwdiv@counter                              cstackCOMRAM 000017
___lwdiv@dividend                             cstackCOMRAM 000011
___lwdiv@divisor                              cstackCOMRAM 000013
___lwdiv@quotient                             cstackCOMRAM 000015
___lwmod                                      text82       00346A
___lwmod@counter                              cstackCOMRAM 00001C
___lwmod@dividend                             cstackCOMRAM 000018
___lwmod@divisor                              cstackCOMRAM 00001A
___param_bank                                 (abs)        000010
___rparam_used                                (abs)        000001
___sp                                         stack        000000
___wmul                                       text94       0038FA
___wmul@multiplicand                          cstackCOMRAM 000013
___wmul@multiplier                            cstackCOMRAM 000011
___wmul@product                               cstackCOMRAM 000015
__accesstop                                   (abs)        000080
__activetblptr                                (abs)        000002
__end_of_Activate_Buzzer                      text17       003B8C
__end_of_Activate_Buzzer_2KHz                 text72       003BB0
__end_of_Activate_Buzzer_500Hz                text76       003BC2
__end_of_DS1621_Init                          text104      003A2C
__end_of_DS1621_Read_Temp                     text107      003782
__end_of_DS3231_Init                          text14       0027C4
__end_of_DS3231_Read_Alarm_Time               text70       00346A
__end_of_DS3231_Read_Time                     text69       003174
__end_of_DS3231_Turn_Off_Alarm                text13       003330
__end_of_DS3231_Turn_On_Alarm                 text12       0032DE
__end_of_DS3231_Write_Alarm_Time              text67       002E04
__end_of_DS3231_Write_Time                    text35       002904
__end_of_Deactivate_Buzzer                    text75       003CE2
__end_of_Decrease_Alarm_Time                  text77       0033D0
__end_of_Decrease_Heater_Temp                 text43       003B40
__end_of_Decrease_Time                        text36       002B54
__end_of_Do_Beep_Bad                          text73       003C74
__end_of_Do_Beep_Good                         text71       003C66
__end_of_Do_Init                              text97       00328C
__end_of_Do_Save_New_Alarm_Time               text55       003ADA
__end_of_Do_Save_New_Heater_Temp              text42       003B2C
__end_of_Do_Save_New_Time                     text34       003B04
__end_of_Do_Setup_Alarm_Time                  text45       00270C
__end_of_Do_Setup_Heater_Temp                 text38       002AC4
__end_of_Do_Setup_Time                        text28       0024C6
__end_of_Exit_Setup_Alarm_Time                text54       003C38
__end_of_Exit_Setup_Heater_Temp               text41       003C28
__end_of_Exit_Time_Setup                      text33       003C18
__end_of_Go_Next_Alarm_Field                  text52       003AC2
__end_of_Go_Next_Field                        text32       003A92
__end_of_Go_Prev_Alarm_Field                  text50       003AAA
__end_of_Go_Prev_Field                        text31       003A7A
__end_of_I2C_Init                             text103      003CBC
__end_of_I2C_ReStart                          text114      003AF0
__end_of_I2C_Read                             text111      003592
__end_of_I2C_Start                            text110      003BE6
__end_of_I2C_Stop                             text109      003BD4
[...]
      Params:         0       0       0       0       0       0       0       0       0       0       0       0       0       0       0       0       0
      Locals:         0       0       0       0       0       0       0       0       0       0       0       0       0       0       0       0       0
      Temps:          0       0       0       0       0       0       0       0       0       0       0       0       0       0       0       0       0
      Totals:         0       0       0       0       0       0       0       0       0       0       0       0       0       0       0       0       0
Total ram usage:        0 bytes
 Hardware stack levels used:    1
 Hardware stack levels required when called:    3
 This function calls:
		Nothing
 This function is called by:
		_I2C_Init
		_I2C_Read
		_I2C_Write
		_i2cAck
		_I2C_Start
		_I2C_ReStart
		_I2C_Stop
 This function uses a non-reentrant model


 *************** function _i2cHighScl *****************
 Defined at:
		line 105 in file "I2C.c"
 Parameters:    Size  Location     Type
		None
 Auto vars:     Size  Location     Type
		None
 Return value:  Size  Location     Type
		None               void
 Registers used:
		wreg
 Tracked objects:
		On entry : 
		On exit  : 
		Unchanged: 
 Data sizes:     COMRAM   BANK0   BANK1   BANK2   BANK3   BANK4   BANK5   BANK6   BANK7   BANK8   BANK9  BANK10  BANK11  BANK12  BANK13  BANK14  BANK15
      Params:         0       0       0       0       0       0       0       0       0       0       0       0       0       0       0       0       0
      Locals:         0       0       0       0       0       0       0       0       0       0       0       0       0       0       0       0       0
      Temps:          0       0       0       0       0       0       0       0       0       0       0       0       0       0       0       0       0
      Totals:         0       0       0       0       0       0       0       0       0       0       0       0       0       0       0       0       0
Total ram usage:        0 bytes
 Hardware stack levels used:    1
 Hardware stack levels required when called:    3
 This function calls:
		Nothing
 This function is called by:
		_I2C_Init
		_I2C_Read
		_I2C_Write
		_i2cNack
		_i2cAck
		_I2C_Start
		_I2C_ReStart
		_I2C_Stop
 This function uses a non-reentrant model


 *************** function _chkisr *****************
 Defined at:
		line 39 in file "Interrupt.c"
 Parameters:    Size  Location     Type
		None
 Auto vars:     Size  Location     Type
		None
 Return value:  Size  Location     Type
		None               void
 Registers used:
		wreg, status,2, status,0, cstack
 Tracked objects:
		On entry : 
		On exit  : 
		Unchanged: 
 Data sizes:     COMRAM   BANK0   BANK1   BANK2   BANK3   BANK4   BANK5   BANK6   BANK7   BANK8   BANK9  BANK10  BANK11  BANK12  BANK13  BANK14  BANK15
      Params:         0       0       0       0       0       0       0       0       0       0       0       0       0       0       0       0       0
      Locals:         0       0       0       0       0       0       0       0       0       0       0       0       0       0       0       0       0
      Temps:         14       0       0       0       0       0       0       0       0       0       0       0       0       0       0       0       0
      Totals:        14       0       0       0       0       0       0       0       0       0       0       0       0       0       0       0       0
Total ram usage:       14 bytes
 Hardware stack levels used:    1
 Hardware stack levels required when called:    2
 This function calls:
		_INT0_isr
		_INT1_isr
		_INT2_isr
		_TIMER1_isr
 This function is called by:
		Interrupt level 2
 This function uses a non-reentrant model


 *************** function _TIMER1_isr *****************
 Defined at:
		line 47 in file "Interrupt.c"
 Parameters:    Size  Location     Type
		None
 Auto vars:     Size  Location     Type
		None
 Return value:  Size  Location     Type
		None               void
 Registers used:
		wreg, status,2
 Tracked objects:
		On entry : 
		On exit  : 
		Unchanged: 
 Data sizes:     COMRAM   BANK0   BANK1   BANK2   BANK3   BANK4   BANK5   BANK6   BANK7   BANK8   BANK9  BANK10  BANK11  BANK12  BANK13  BANK14  BANK15
      Params:         0       0       0       0       0       0       0       0       0       0       0       0       0       0       0       0       0
      Locals:         0       0       0       0       0       0       0       0       0       0       0       0       0       0       0       0       0
      Temps:          0       0       0       0       0       0       0       0       0       0       0       0       0       0       0       0       0
      Totals:         0       0       0       0       0       0       0       0       0       0       0       0       0       0       0       0       0
Total ram usage:        0 bytes
 Hardware stack levels used:    1
 This function calls:
		Nothing
 This function is called by:
		_chkisr
 This function uses a non-reentrant model


 *************** function _INT2_isr *****************
 Defined at:
		line 162 in file "Interrupt.c"
 Parameters:    Size  Location     Type
		None
 Auto vars:     Size  Location     Type
		None
 Return value:  Size  Location     Type
		None               void
 Registers used:
		wreg, status,2
 Tracked objects:
		On entry : 
		On exit  : 
		Unchanged: 
 Data sizes:     COMRAM   BANK0   BANK1   BANK2   BANK3   BANK4   BANK5   BANK6   BANK7   BANK8   BANK9  BANK10  BANK11  BANK12  BANK13  BANK14  BANK15
      Params:         0       0       0       0       0       0       0       0       0       0       0       0       0       0       0       0       0
      Locals:         0       0       0       0       0       0       0       0       0       0       0       0       0       0       0       0       0
      Temps:          0       0       0       0       0       0       0       0       0       0       0       0       0       0       0       0       0
      Totals:         0       0       0       0       0       0       0       0       0       0       0       0       0       0       0       0       0
Total ram usage:        0 bytes
 Hardware stack levels used:    1
 This function calls:
		Nothing
 This function is called by:
		_chkisr
 This function uses a non-reentrant model


 *************** function _INT1_isr *****************
 Defined at:
		line 156 in file "Interrupt.c"
 Parameters:    Size  Location     Type
		None
 Auto vars:     Size  Location     Type
		None
 Return value:  Size  Location     Type
		None               void
 Registers used:
		wreg, status,2
 Tracked objects:
		On entry : 
		On exit  : 
		Unchanged: 
 Data sizes:     COMRAM   BANK0   BANK1   BANK2   BANK3   BANK4   BANK5   BANK6   BANK7   BANK8   BANK9  BANK10  BANK11  BANK12  BANK13  BANK14  BANK15
      Params:         0       0       0       0       0       0       0       0       0       0       0       0       0       0       0       0       0
      Locals:         0       0       0       0       0       0       0       0       0       0       0       0       0       0       0       0       0
      Temps:          0       0       0       0       0       0       0       0       0       0       0       0       0       0       0       0       0
      Totals:         0       0       0       0       0       0       0       0       0       0       0       0       0       0       0       0       0
Total ram usage:        0 bytes
 Hardware stack levels used:    1
 This function calls:
		Nothing
 This function is called by:
		_chkisr
 This function uses a non-reentrant model


 *************** function _INT0_isr *****************
 Defined at:
		line 61 in file "Interrupt.c"
 Parameters:    Size  Location     Type
		None
 Auto vars:     Size  Location     Type
		None
 Return value:  Size  Location     Type
		None               void
 Registers used:
		wreg, status,2, status,0, cstack
 Tracked objects:
		On entry : 
		On exit  : 
		Unchanged: 
 Data sizes:     COMRAM   BANK0   BANK1   BANK2   BANK3   BANK4   BANK5   BANK6   BANK7   BANK8   BANK9  BANK10  BANK11  BANK12  BANK13  BANK14  BANK15
      Params:         0       0       0       0       0       0       0       0       0       0       0       0       0       0       0       0       0
      Locals:         0       0       0       0       0       0       0       0       0       0       0       0       0       0       0       0       0
      Temps:          2       0       0       0       0       0       0       0       0       0       0       0       0       0       0       0       0
      Totals:         2       0       0       0       0       0       0       0       0       0       0       0       0       0       0       0       0
Total ram usage:        2 bytes
 Hardware stack levels used:    1
 Hardware stack levels required when called:    1
 This function calls:
		_force_nec_state0
 This function is called by:
		_chkisr
 This function uses a non-reentrant model


 *************** function _force_nec_state0 *****************
 Defined at:
		line 55 in file "Interrupt.c"
 Parameters:    Size  Location     Type
		None
 Auto vars:     Size  Location     Type
		None
 Return value:  Size  Location     Type
		None               void
 Registers used:
		wreg, status,2
 Tracked objects:
		On entry : 
		On exit  : 
		Unchanged: 
 Data sizes:     COMRAM   BANK0   BANK1   BANK2   BANK3   BANK4   BANK5   BANK6   BANK7   BANK8   BANK9  BANK10  BANK11  BANK12  BANK13  BANK14  BANK15
      Params:         0       0       0       0       0       0       0       0       0       0       0       0       0       0       0       0       0
      Locals:         0       0       0       0       0       0       0       0       0       0       0       0       0       0       0       0       0
      Temps:          0       0       0       0       0       0       0       0       0       0       0       0       0       0       0       0       0
      Totals:         0       0       0       0       0       0       0       0       0       0       0       0       0       0       0       0       0
Total ram usage:        0 bytes
 Hardware stack levels used:    1
 This function calls:
		Nothing
 This function is called by:
		_INT0_isr
 This function uses a non-reentrant model



MODULE INFORMATION

Module		Function		Class		Link	Load	Size
C:\Program Files (x86)\Microchip\xc8\v1.34\sources\common\ftge.c
		___ftge        		CODE           	2904	0000	151

C:\Program Files (x86)\Microchip\xc8\v1.34\sources\common\ftge.c estimated size: 151

Setup_Heater_Temp.c
		_Do_Save_New_He		CODE           	3B18	0000	21
		_Exit_Setup_Hea		CODE           	3C18	0000	17
		_Initialize_Set		CODE           	1E94	0000	243
		_Decrease_Heate		CODE           	3B2C	0000	21
		_Update_Setup_H		CODE           	27C4	0000	163
		_Increase_Heate		CODE           	3B04	0000	21
		_Do_Setup_Heate		CODE           	2A30	0000	149

Setup_Heater_Temp.c estimated size: 635

C:\Program Files (x86)\Microchip\xc8\v1.34\sources\common\float.c
		___ftpack      		CODE           	24C6	0000	199

C:\Program Files (x86)\Microchip\xc8\v1.34\sources\common\float.c estimated size: 199

C:\Program Files (x86)\Microchip\xc8\v1.34\sources\pic18\plib\USART\uopen.c
		_OpenUSART     		CODE           	2F6C	0000	113

C:\Program Files (x86)\Microchip\xc8\v1.34\sources\pic18\plib\USART\uopen.c estimated size: 113

I2C.c
		_I2C_Write_Addr		CODE           	37B6	0000	51
		_i2cLowSda     		CODE           	3CC6	0000	11
		_i2cLowScl     		CODE           	3CE2	0000	9
		_I2C_Write_Cmd_		CODE           	3A48	0000	27
		_I2C_Write     		CODE           	3690	0000	63
		_I2C_Write_Cmd_		CODE           	39D0	0000	33
		_I2C_Stop      		CODE           	3BC2	0000	19
		_I2C_Read      		CODE           	354A	0000	73
		_i2cNack       		CODE           	3CBC	0000	11
		_I2C_Init      		CODE           	3CB2	0000	11
		_i2cHighSda    		CODE           	3CEA	0000	9
		_i2cHighScl    		CODE           	3C90	0000	13
		_I2C_Start     		CODE           	3BD4	0000	19
		_i2cAck        		CODE           	3BE6	0000	19
		_I2C_Write_Addr		CODE           	3990	0000	33
		_I2C_ReStart   		CODE           	3ADA	0000	23

I2C.c estimated size: 424

C:\Program Files (x86)\Microchip\xc8\v1.34\sources\common\lwmod.c
		___lwmod       		CODE           	346A	0000	77

C:\Program Files (x86)\Microchip\xc8\v1.34\sources\common\lwmod.c estimated size: 77

C:\Program Files (x86)\Microchip\xc8\v1.34\sources\common\awmod.c
		___awmod       		CODE           	2E04	0000	131

C:\Program Files (x86)\Microchip\xc8\v1.34\sources\common\awmod.c estimated size: 131

Fan_Support.c
		_get_duty_cycle		CODE           	370A	0000	61
		_Turn_On_Fan   		CODE           	3BF8	0000	17
		_get_RPM       		CODE           	3592	0000	67
		_Toggle_Heater 		CODE           	3B68	0000	19
		_Turn_Off_Fan  		CODE           	3CA8	0000	11
		_Monitor_Heater		CODE           	381A	0000	49
		_Set_RPM_RGB   		CODE           	2FDC	0000	109

Fan_Support.c estimated size: 333

I2C_Support.c
		_DS3231_Write_A		CODE           	2D80	0000	133
		_DS3231_Init   		CODE           	270C	0000	185
		_DS3231_Read_Ti		CODE           	3110	0000	101
		_DS1621_Init   		CODE           	3A0E	0000	31
		_DS3231_Write_T		CODE           	2866	0000	159
		_DS1621_Read_Te		CODE           	3746	0000	61
		_DS3231_Turn_On		CODE           	328C	0000	83
		_DS3231_Read_Al		CODE           	341E	0000	77
		_DS3231_Turn_Of		CODE           	32DE	0000	83

I2C_Support.c estimated size: 913

ST7735_TFT.c
		_drawChar      		CODE           	1700	0000	343
		_drawCircle    		CODE           	125C	0000	431
		_fillScreen    		CODE           	3A2C	0000	29
		_Rcmd3         		CODE           	1F86	0000	243
		_write_data    		CODE           	3C38	0000	17
		_setAddrWindow 		CODE           	33D0	0000	79
		_drawtext      		CODE           	1856	0000	283
		_fillRect      		CODE           	3500	0000	75
		_LCD_Reset     		CODE           	3B8C	0000	19
		_drawPixel     		CODE           	384A	0000	49
		_fillRectangle 		CODE           	2320	0000	221
		_write_command 		CODE           	3C48	0000	17
		_drawFastVLine 		CODE           	2C74	0000	137
		_Rcmd2red      		CODE           	3614	0000	63
		_TFT_GreenTab_I		CODE           	38D0	0000	43
		_delay_ms      		CODE           	3330	0000	83
		_Rcmd1         		CODE           	1970	0000	273
		_spiwrite      		CODE           	3B40	0000	21

ST7735_TFT.c estimated size: 2426

C:\Program Files (x86)\Microchip\xc8\v1.34\sources\common\awtoft.c
		___awtoft      		CODE           	36CE	0000	61

C:\Program Files (x86)\Microchip\xc8\v1.34\sources\common\awtoft.c estimated size: 61

C:\Program Files (x86)\Microchip\xc8\v1.34\sources\common\lbtoft.c
		___lbtoft      		CODE           	3948	0000	39

C:\Program Files (x86)\Microchip\xc8\v1.34\sources\common\lbtoft.c estimated size: 39

Main_Screen.c
		_Update_Screen 		CODE           	001C	0000	1569
		_Initialize_Scr		CODE           	063C	0000	897

Main_Screen.c estimated size: 2466

C:\Program Files (x86)\Microchip\xc8\v1.34\sources\common\ftmul.c
		___ftmul       		CODE           	1D9C	0000	249

C:\Program Files (x86)\Microchip\xc8\v1.34\sources\common\ftmul.c estimated size: 249

C:\Program Files (x86)\Microchip\xc8\v1.34\sources\common\isdigit.c
		_isdigit       		CODE           	396E	0000	35

C:\Program Files (x86)\Microchip\xc8\v1.34\sources\common\isdigit.c estimated size: 35

Main.c
		_Test_Alarm    		CODE           	1C98	0000	261
		_clr_alarm     		CODE           	387A	0000	45
		_putch         		CODE           	3C74	0000	15
		_main          		CODE           	0D16	0000	473
		_init_UART     		CODE           	3B54	0000	21
		_Do_Init       		CODE           	3234	0000	89

Main.c estimated size: 904

C:\Program Files (x86)\Microchip\xc8\v1.34\sources\common\strlen.c
		_strlen        		CODE           	3652	0000	63

C:\Program Files (x86)\Microchip\xc8\v1.34\sources\common\strlen.c estimated size: 63

C:\Program Files (x86)\Microchip\xc8\v1.34\sources\common\ftdiv.c
		___ftdiv       		CODE           	215E	0000	227

C:\Program Files (x86)\Microchip\xc8\v1.34\sources\common\ftdiv.c estimated size: 227

shared
		_font          		MEDIUMCONST    	FC9D	0000	256
		_dpowers       		MEDIUMCONST    	FE78	0000	11
		__initializatio		CODE           	2E86	0000	107
		_hexpowers     		MEDIUMCONST    	FE82	0000	9
		_font2         		MEDIUMCONST    	FD9C	0000	221

shared estimated size: 604

Interrupt.c
		_INT2_isr      		CODE           	3CF2	0000	9
		_TIMER1_isr    		CODE           	3C9C	0000	13
		_Init_Interrupt		CODE           	35D4	0000	65
		_force_nec_stat		CODE           	3CFA	0000	9
		_INT0_isr      		CODE           	158E	0000	371
		_INT1_isr      		CODE           	3CD0	0000	11
		_chkisr        		CODE           	0008	0000	161

Interrupt.c estimated size: 639

Setup_Alarm_Time.c
		_Initialize_Set		CODE           	1B8C	0000	269
		_Go_Next_Alarm_		CODE           	3AAA	0000	25
		_Update_Setup_A		CODE           	2240	0000	225
		_Go_Prev_Alarm_		CODE           	3A92	0000	25
		_Exit_Setup_Ala		CODE           	3C28	0000	17
		_Do_Save_New_Al		CODE           	3AC2	0000	25
		_Decrease_Alarm		CODE           	3382	0000	79
		_Increase_Alarm		CODE           	34B6	0000	75
		_Do_Setup_Alarm		CODE           	264E	0000	191

Setup_Alarm_Time.c estimated size: 931

C:\Program Files (x86)\Microchip\xc8\v1.34\sources\common\strcpy.c
		_strcpy        		CODE           	37E8	0000	51

C:\Program Files (x86)\Microchip\xc8\v1.34\sources\common\strcpy.c estimated size: 51

C:\Program Files (x86)\Microchip\xc8\v1.34\sources\common\lwdiv.c
		___lwdiv       		CODE           	31D8	0000	93

C:\Program Files (x86)\Microchip\xc8\v1.34\sources\common\lwdiv.c estimated size: 93

C:\Program Files (x86)\Microchip\xc8\v1.34\sources\common\awdiv.c
		___awdiv       		CODE           	299A	0000	151

C:\Program Files (x86)\Microchip\xc8\v1.34\sources\common\awdiv.c estimated size: 151

utils.c
		_Do_Beep_Bad   		CODE           	3C66	0000	15
		_Do_Beep_Good  		CODE           	3C58	0000	15
		_Init_ADC      		CODE           	3C82	0000	15
		_do_update_pwm 		CODE           	258C	0000	195
		_Activate_Buzze		CODE           	3B9E	0000	19
		_Deactivate_Buz		CODE           	3CDA	0000	9
		_Activate_Buzze		CODE           	3BB0	0000	19
		_check_for_butt		CODE           	2B54	0000	145
		_dec_2_bcd     		CODE           	30AC	0000	101
		_read_volt     		CODE           	3048	0000	101
		_Wait_Half_Sec 		CODE           	39F0	0000	31
		_get_full_ADC  		CODE           	3922	0000	39
		_bcd_2_dec     		CODE           	38A6	0000	43
		_Set_Alarm_RGB_		CODE           	2EFA	0000	115
		_Wait_One_Sec  		CODE           	39B0	0000	33
		_Activate_Buzze		CODE           	3B7A	0000	19

utils.c estimated size: 914

C:\Program Files (x86)\Microchip\xc8\v1.34\sources\common\doprnt.c
		_printf        		CODE           	09BC	0000	859

C:\Program Files (x86)\Microchip\xc8\v1.34\sources\common\doprnt.c estimated size: 859

C:\Program Files (x86)\Microchip\xc8\v1.34\sources\common\fttol.c
		___fttol       		CODE           	2078	0000	231

C:\Program Files (x86)\Microchip\xc8\v1.34\sources\common\fttol.c estimated size: 231

C:\Program Files (x86)\Microchip\xc8\v1.34\sources\common\Umul16.c
		___wmul        		CODE           	38FA	0000	41

C:\Program Files (x86)\Microchip\xc8\v1.34\sources\common\Umul16.c estimated size: 41

Setup_Time.c
		_Decrease_Time 		CODE           	2AC4	0000	145
		_Update_Setup_S		CODE           	0EEE	0000	443
		_Update_Setup_T		CODE           	140A	0000	389
		_Do_Save_New_Ti		CODE           	3AF0	0000	21
		_Increase_Time 		CODE           	2CFC	0000	133
		_Do_Setup_Time 		CODE           	23FC	0000	203
		_Update_Setup_S		CODE           	10A8	0000	437
		_Initialize_Set		CODE           	1A80	0000	269
		_Go_Next_Field 		CODE           	3A7A	0000	25
		_Go_Prev_Field 		CODE           	3A62	0000	25
		_Exit_Time_Setu		CODE           	3C08	0000	17

Setup_Time.c estimated size: 2107

